[2025-04-10 13:45:31] This is codeql database index-files --include-extension=.yaml --include-extension=.yml --size-limit=5m --language yaml -- /home/gra3ml/IC/Códigos_DeepSeek-R1/database-DeepSeekR1
[2025-04-10 13:45:31] Log file was started late.
[2025-04-10 13:45:31] Using index-files script /home/gra3ml/.local/share/gh/extensions/gh-codeql/dist/release/v2.20.4/yaml/tools/index-files.sh.
[2025-04-10 13:45:31] [PROGRESS] database index-files> Scanning for files in /home/gra3ml/IC/Códigos_DeepSeek-R1...
[2025-04-10 13:45:31] Calling plumbing command: codeql resolve files --include-extension=.yaml --include-extension=.yml --size-limit=5m /home/gra3ml/IC/Códigos_DeepSeek-R1 --format=json
[2025-04-10 13:45:31] [PROGRESS] resolve files> Scanning /home/gra3ml/IC/Códigos_DeepSeek-R1...
[2025-04-10 13:45:31] [PROGRESS] resolve files> Scanning /home/gra3ml/IC/Códigos_DeepSeek-R1/database-DeepSeekR1...
[2025-04-10 13:45:31] [PROGRESS] resolve files> Scanning /home/gra3ml/IC/Códigos_DeepSeek-R1/database-DeepSeekR1/src...
[2025-04-10 13:45:31] [PROGRESS] resolve files> Scanning /home/gra3ml/IC/Códigos_DeepSeek-R1/database-DeepSeekR1/src/home...
[2025-04-10 13:45:31] [PROGRESS] resolve files> Scanning /home/gra3ml/IC/Códigos_DeepSeek-R1/database-DeepSeekR1/src/home/gra3ml...
[2025-04-10 13:45:31] [PROGRESS] resolve files> Scanning /home/gra3ml/IC/Códigos_DeepSeek-R1/database-DeepSeekR1/src/home/gra3ml/IC...
[2025-04-10 13:45:31] [PROGRESS] resolve files> Scanning /home/gra3ml/IC/Códigos_DeepSeek-R1/database-DeepSeekR1/src/home/gra3ml/IC/Códigos_DeepSeek-R1...
[2025-04-10 13:45:31] [PROGRESS] resolve files> Scanning /home/gra3ml/IC/Códigos_DeepSeek-R1/database-DeepSeekR1/log...
[2025-04-10 13:45:31] [PROGRESS] resolve files> Scanning /home/gra3ml/IC/Códigos_DeepSeek-R1/database-DeepSeekR1/diagnostic...
[2025-04-10 13:45:31] [PROGRESS] resolve files> Scanning /home/gra3ml/IC/Códigos_DeepSeek-R1/database-DeepSeekR1/diagnostic/extractors...
[2025-04-10 13:45:31] [PROGRESS] resolve files> Scanning /home/gra3ml/IC/Códigos_DeepSeek-R1/database-DeepSeekR1/diagnostic/extractors/python...
[2025-04-10 13:45:31] [PROGRESS] resolve files> Scanning /home/gra3ml/IC/Códigos_DeepSeek-R1/database-DeepSeekR1/diagnostic/tracer...
[2025-04-10 13:45:31] [PROGRESS] resolve files> Scanning /home/gra3ml/IC/Códigos_DeepSeek-R1/database-DeepSeekR1/trap...
[2025-04-10 13:45:31] [PROGRESS] resolve files> Scanning /home/gra3ml/IC/Códigos_DeepSeek-R1/database-DeepSeekR1/trap/python...
[2025-04-10 13:45:31] [PROGRESS] resolve files> Scanning /home/gra3ml/IC/Códigos_DeepSeek-R1/database-DeepSeekR1/working...
[2025-04-10 13:45:31] [PROGRESS] resolve files> Scanning /home/gra3ml/IC/Códigos_DeepSeek-R1/database-DeepSeekR1/working/trap_cache...
[2025-04-10 13:45:31] [PROGRESS] resolve files> Scanning /home/gra3ml/IC/Códigos_DeepSeek-R1/database-DeepSeekR1/working/trap_cache/2...
[2025-04-10 13:45:31] [PROGRESS] resolve files> Scanning /home/gra3ml/IC/Códigos_DeepSeek-R1/database-DeepSeekR1/working/trap_cache/1...
[2025-04-10 13:45:31] Plumbing command codeql resolve files completed:
                      [
                        "/home/gra3ml/IC/Códigos_DeepSeek-R1/database-DeepSeekR1/codeql-database.yml"
                      ]
[2025-04-10 13:45:31] [DETAILS] database index-files> Found 1 files.
[2025-04-10 13:45:31] [PROGRESS] database index-files> /home/gra3ml/IC/Códigos_DeepSeek-R1/database-DeepSeekR1: Indexing files in in /home/gra3ml/IC/Códigos_DeepSeek-R1...
[2025-04-10 13:45:31] Using index-files script /home/gra3ml/.local/share/gh/extensions/gh-codeql/dist/release/v2.20.4/yaml/tools/index-files.sh.
[2025-04-10 13:45:31] [PROGRESS] database index-files> Running command in /home/gra3ml/IC/Códigos_DeepSeek-R1: [/home/gra3ml/.local/share/gh/extensions/gh-codeql/dist/release/v2.20.4/yaml/tools/index-files.sh, /home/gra3ml/IC/Códigos_DeepSeek-R1/database-DeepSeekR1/working/files-to-index9899939475070325931.list]
[2025-04-10 13:45:32] Terminating normally.
