[2025-04-10 13:45:25] This is codeql database create --language=python database-DeepSeekR1
[2025-04-10 13:45:25] Log file was started late.
[2025-04-10 13:45:25] [PROGRESS] database create> Initializing database at /home/gra3ml/IC/Códigos_DeepSeek-R1/database-DeepSeekR1.
[2025-04-10 13:45:25] Running plumbing command: codeql database init --language=python --extractor-options-verbosity=1 --qlconfig-file=/home/gra3ml/IC/Códigos_DeepSeek-R1/qlconfig.yml --source-root=/home/gra3ml/IC/Códigos_DeepSeek-R1 --allow-missing-source-root=false --allow-already-existing -- /home/gra3ml/IC/Códigos_DeepSeek-R1/database-DeepSeekR1
[2025-04-10 13:45:25] Calling plumbing command: codeql resolve languages --extractor-options-verbosity=1 --format=betterjson
[2025-04-10 13:45:26] [DETAILS] resolve languages> Scanning for [codeql-extractor.yml] from /home/gra3ml/.local/share/gh/extensions/gh-codeql/dist/release/v2.20.4/.codeqlmanifest.json
[2025-04-10 13:45:26] [DETAILS] resolve languages> Parsing /home/gra3ml/.local/share/gh/extensions/gh-codeql/dist/release/v2.20.4/go/codeql-extractor.yml.
[2025-04-10 13:45:26] [DETAILS] resolve languages> Parsing /home/gra3ml/.local/share/gh/extensions/gh-codeql/dist/release/v2.20.4/python/codeql-extractor.yml.
[2025-04-10 13:45:26] [DETAILS] resolve languages> Parsing /home/gra3ml/.local/share/gh/extensions/gh-codeql/dist/release/v2.20.4/properties/codeql-extractor.yml.
[2025-04-10 13:45:26] [DETAILS] resolve languages> Parsing /home/gra3ml/.local/share/gh/extensions/gh-codeql/dist/release/v2.20.4/java/codeql-extractor.yml.
[2025-04-10 13:45:26] [DETAILS] resolve languages> Parsing /home/gra3ml/.local/share/gh/extensions/gh-codeql/dist/release/v2.20.4/javascript/codeql-extractor.yml.
[2025-04-10 13:45:26] [DETAILS] resolve languages> Parsing /home/gra3ml/.local/share/gh/extensions/gh-codeql/dist/release/v2.20.4/html/codeql-extractor.yml.
[2025-04-10 13:45:26] [DETAILS] resolve languages> Parsing /home/gra3ml/.local/share/gh/extensions/gh-codeql/dist/release/v2.20.4/yaml/codeql-extractor.yml.
[2025-04-10 13:45:26] [DETAILS] resolve languages> Parsing /home/gra3ml/.local/share/gh/extensions/gh-codeql/dist/release/v2.20.4/ruby/codeql-extractor.yml.
[2025-04-10 13:45:26] [DETAILS] resolve languages> Parsing /home/gra3ml/.local/share/gh/extensions/gh-codeql/dist/release/v2.20.4/csharp/codeql-extractor.yml.
[2025-04-10 13:45:26] [DETAILS] resolve languages> Parsing /home/gra3ml/.local/share/gh/extensions/gh-codeql/dist/release/v2.20.4/cpp/codeql-extractor.yml.
[2025-04-10 13:45:26] [DETAILS] resolve languages> Parsing /home/gra3ml/.local/share/gh/extensions/gh-codeql/dist/release/v2.20.4/csv/codeql-extractor.yml.
[2025-04-10 13:45:26] [DETAILS] resolve languages> Parsing /home/gra3ml/.local/share/gh/extensions/gh-codeql/dist/release/v2.20.4/actions/codeql-extractor.yml.
[2025-04-10 13:45:26] [DETAILS] resolve languages> Parsing /home/gra3ml/.local/share/gh/extensions/gh-codeql/dist/release/v2.20.4/xml/codeql-extractor.yml.
[2025-04-10 13:45:26] [DETAILS] resolve languages> Parsing /home/gra3ml/.local/share/gh/extensions/gh-codeql/dist/release/v2.20.4/swift/codeql-extractor.yml.
[2025-04-10 13:45:26] Plumbing command codeql resolve languages completed:
                      {
                        "aliases" : {
                          "c" : "cpp",
                          "c++" : "cpp",
                          "c-c++" : "cpp",
                          "c-cpp" : "cpp",
                          "c#" : "csharp",
                          "java-kotlin" : "java",
                          "kotlin" : "java",
                          "javascript-typescript" : "javascript",
                          "typescript" : "javascript"
                        },
                        "extractors" : {
                          "go" : [
                            {
                              "extractor_root" : "/home/gra3ml/.local/share/gh/extensions/gh-codeql/dist/release/v2.20.4/go",
                              "extractor_options" : {
                                "extract_tests" : {
                                  "title" : "Whether to include Go test files in the CodeQL database.",
                                  "description" : "A value indicating whether Go test files should be included in the CodeQL database. The default is 'false'.\n",
                                  "type" : "string",
                                  "pattern" : "^(false|true)$"
                                },
                                "extract_vendor_dirs" : {
                                  "title" : "Whether to include Go vendor directories in the CodeQL database.",
                                  "description" : "A value indicating whether Go vendor directories should be included in the CodeQL database. The default is 'false'.\n",
                                  "type" : "string",
                                  "pattern" : "^(false|true)$"
                                }
                              }
                            }
                          ],
                          "python" : [
                            {
                              "extractor_root" : "/home/gra3ml/.local/share/gh/extensions/gh-codeql/dist/release/v2.20.4/python",
                              "extractor_options" : {
                                "logging" : {
                                  "title" : "Options pertaining to logging.",
                                  "description" : "Options pertaining to logging.",
                                  "type" : "object",
                                  "properties" : {
                                    "verbosity" : {
                                      "title" : "Python extractor logging verbosity level.",
                                      "description" : "Controls the level of verbosity of the CodeQL Python extractor.\nThe supported levels are (in order of increasing verbosity):\n\n  - off\n  - errors\n  - warnings\n  - info or progress\n  - debug or progress+\n  - trace or progress++\n  - progress+++\n",
                                      "type" : "string",
                                      "pattern" : "^(off|errors|warnings|(info|progress)|(debug|progress\\+)|(trace|progress\\+\\+)|progress\\+\\+\\+)$"
                                    }
                                  }
                                },
                                "python_executable_name" : {
                                  "title" : "Controls the name of the Python executable used by the Python extractor.",
                                  "description" : "The Python extractor uses platform-dependent heuristics to determine the name of the Python executable to use. Specifying a value for this option overrides the name of the Python executable used by the extractor. Accepted values are py, python and python3. Use this setting with caution, the Python extractor requires Python 3 to run.\n",
                                  "type" : "string",
                                  "pattern" : "^(py|python|python3)$"
                                }
                              }
                            }
                          ],
                          "properties" : [
                            {
                              "extractor_root" : "/home/gra3ml/.local/share/gh/extensions/gh-codeql/dist/release/v2.20.4/properties"
                            }
                          ],
                          "java" : [
                            {
                              "extractor_root" : "/home/gra3ml/.local/share/gh/extensions/gh-codeql/dist/release/v2.20.4/java",
                              "extractor_options" : {
                                "exclude" : {
                                  "title" : "A glob excluding files from analysis.",
                                  "description" : "A glob indicating what files to exclude from the analysis.\n",
                                  "type" : "string"
                                },
                                "add_prefer_source" : {
                                  "title" : "Whether to always prefer source files over class files.",
                                  "description" : "A value indicating whether source files should be preferred over class files. If set to 'true', the extraction adds '-Xprefer:source' to the javac command line. If set to 'false', the extraction uses the default javac behavior ('-Xprefer:newer'). The default is 'true'.\n",
                                  "type" : "string",
                                  "pattern" : "^(false|true)$"
                                },
                                "buildless" : {
                                  "title" : "Whether to use buildless (standalone) extraction (experimental).",
                                  "description" : "A value indicating, which type of extraction the autobuilder should perform. If 'true', then the standalone extractor will be used, otherwise tracing extraction will be performed. The default is 'false'. Note that buildless extraction will generally yield less accurate analysis results, and should only be used in cases where it is not possible to build the code (for example if it uses inaccessible dependencies).\n",
                                  "type" : "string",
                                  "pattern" : "^(false|true)$"
                                }
                              }
                            }
                          ],
                          "javascript" : [
                            {
                              "extractor_root" : "/home/gra3ml/.local/share/gh/extensions/gh-codeql/dist/release/v2.20.4/javascript",
                              "extractor_options" : {
                                "skip_types" : {
                                  "title" : "Skip type extraction for TypeScript",
                                  "description" : "Whether to skip the extraction of types in a TypeScript application",
                                  "type" : "string",
                                  "pattern" : "^(false|true)$"
                                }
                              }
                            }
                          ],
                          "html" : [
                            {
                              "extractor_root" : "/home/gra3ml/.local/share/gh/extensions/gh-codeql/dist/release/v2.20.4/html"
                            }
                          ],
                          "yaml" : [
                            {
                              "extractor_root" : "/home/gra3ml/.local/share/gh/extensions/gh-codeql/dist/release/v2.20.4/yaml"
                            }
                          ],
                          "ruby" : [
                            {
                              "extractor_root" : "/home/gra3ml/.local/share/gh/extensions/gh-codeql/dist/release/v2.20.4/ruby",
                              "extractor_options" : {
                                "trap" : {
                                  "title" : "Options pertaining to TRAP.",
                                  "description" : "Options pertaining to TRAP.",
                                  "type" : "object",
                                  "properties" : {
                                    "compression" : {
                                      "title" : "Controls compression for the TRAP files written by the extractor.",
                                      "description" : "This option is only intended for use in debugging the extractor. Accepted values are 'gzip' (the default, to write gzip-compressed TRAP) and 'none' (to write uncompressed TRAP).\n",
                                      "type" : "string",
                                      "pattern" : "^(none|gzip)$"
                                    }
                                  }
                                }
                              }
                            }
                          ],
                          "csharp" : [
                            {
                              "extractor_root" : "/home/gra3ml/.local/share/gh/extensions/gh-codeql/dist/release/v2.20.4/csharp",
                              "extractor_options" : {
                                "trap" : {
                                  "title" : "Options pertaining to TRAP.",
                                  "description" : "Options pertaining to TRAP.",
                                  "type" : "object",
                                  "properties" : {
                                    "compression" : {
                                      "title" : "Controls compression for the TRAP files written by the extractor.",
                                      "description" : "This option is only intended for use in debugging the extractor. Accepted values are 'brotli' (the default, to write brotli-compressed TRAP), 'gzip', and 'none' (to write uncompressed TRAP).\n",
                                      "type" : "string",
                                      "pattern" : "^(none|gzip|brotli)$"
                                    }
                                  }
                                },
                                "buildless" : {
                                  "title" : "DEPRECATED - Whether to use buildless (standalone) extraction.",
                                  "description" : "DEPRECATED: Use `--build-mode none` instead.\nA value indicating, which type of extraction the autobuilder should perform. If 'true', then the standalone extractor will be used, otherwise tracing extraction will be performed. The default is 'false'. Note that buildless extraction will generally yield less accurate analysis results, and should only be used in cases where it is not possible to build the code (for example if it uses inaccessible dependencies).\n",
                                  "type" : "string",
                                  "pattern" : "^(false|true)$"
                                },
                                "logging" : {
                                  "title" : "Options pertaining to logging.",
                                  "description" : "Options pertaining to logging.",
                                  "type" : "object",
                                  "properties" : {
                                    "verbosity" : {
                                      "title" : "Extractor logging verbosity level.",
                                      "description" : "Controls the level of verbosity of the extractor. The supported levels are (in order of increasing verbosity):\n  - off\n  - errors\n  - warnings\n  - info or progress\n  - debug or progress+\n  - trace or progress++\n  - progress+++\n",
                                      "type" : "string",
                                      "pattern" : "^(off|errors|warnings|(info|progress)|(debug|progress\\+)|(trace|progress\\+\\+)|progress\\+\\+\\+)$"
                                    }
                                  }
                                },
                                "binlog" : {
                                  "title" : "Binlog",
                                  "description" : "[EXPERIMENTAL] The value is a path to the MsBuild binary log file that should be extracted. This option only works when `--build-mode none` is also specified.\n",
                                  "type" : "array"
                                }
                              }
                            }
                          ],
                          "cpp" : [
                            {
                              "extractor_root" : "/home/gra3ml/.local/share/gh/extensions/gh-codeql/dist/release/v2.20.4/cpp",
                              "extractor_options" : {
                                "scale_timeouts" : {
                                  "title" : "Value to scale compiler introspection timeouts with",
                                  "description" : "The extractor attempts to determine what compiler the source code being extracted is compiled with. To this end the extractor makes additional calls to the compiler, some of which are expected to return within a certain fixed time (either 10s or 15s). On some systems that are under high load this time might be too short, and can be scaled up using this option.\n",
                                  "type" : "string",
                                  "pattern" : "[0-9]+"
                                },
                                "log_verbosity" : {
                                  "title" : "Verbosity of the extractor logging",
                                  "description" : "Set the verbosity of the extractor logging to 'quiet' (0), 'normal' (1), 'chatty' (2), or 'noisy' (3). The default is 'normal'.\n",
                                  "type" : "string",
                                  "pattern" : "[0-3]"
                                }
                              }
                            }
                          ],
                          "csv" : [
                            {
                              "extractor_root" : "/home/gra3ml/.local/share/gh/extensions/gh-codeql/dist/release/v2.20.4/csv"
                            }
                          ],
                          "actions" : [
                            {
                              "extractor_root" : "/home/gra3ml/.local/share/gh/extensions/gh-codeql/dist/release/v2.20.4/actions",
                              "extractor_options" : { }
                            }
                          ],
                          "xml" : [
                            {
                              "extractor_root" : "/home/gra3ml/.local/share/gh/extensions/gh-codeql/dist/release/v2.20.4/xml"
                            }
                          ],
                          "swift" : [
                            {
                              "extractor_root" : "/home/gra3ml/.local/share/gh/extensions/gh-codeql/dist/release/v2.20.4/swift"
                            }
                          ]
                        }
                      }
[2025-04-10 13:45:26] [PROGRESS] database init> Calculating baseline information in /home/gra3ml/IC/Códigos_DeepSeek-R1
[2025-04-10 13:45:26] [SPAMMY] database init> Ignoring the following directories when processing baseline information: .git, .hg, .svn.
[2025-04-10 13:45:26] [DETAILS] database init> Running command in /home/gra3ml/IC/Códigos_DeepSeek-R1: /home/gra3ml/.local/share/gh/extensions/gh-codeql/dist/release/v2.20.4/tools/linux64/scc --by-file --exclude-dir .git,.hg,.svn --format json --no-large --no-min .
[2025-04-10 13:45:26] [SPAMMY] database init> Found 134 baseline files for python.
[2025-04-10 13:45:26] [PROGRESS] database init> Calculated baseline information for languages: python (90ms).
[2025-04-10 13:45:26] [PROGRESS] database init> Resolving extractor python.
[2025-04-10 13:45:26] [DETAILS] database init> Found candidate extractor root for python: /home/gra3ml/.local/share/gh/extensions/gh-codeql/dist/release/v2.20.4/python.
[2025-04-10 13:45:26] [PROGRESS] database init> Successfully loaded extractor Python (python) from /home/gra3ml/.local/share/gh/extensions/gh-codeql/dist/release/v2.20.4/python.
[2025-04-10 13:45:26] [PROGRESS] database init> Created skeleton CodeQL database at /home/gra3ml/IC/Códigos_DeepSeek-R1/database-DeepSeekR1. This in-progress database is ready to be populated by an extractor.
[2025-04-10 13:45:26] Plumbing command codeql database init completed.
[2025-04-10 13:45:26] [PROGRESS] database create> Running build command: []
[2025-04-10 13:45:26] Running plumbing command: codeql database trace-command --working-dir=/home/gra3ml/IC/Códigos_DeepSeek-R1 --index-traceless-dbs --no-db-cluster -- /home/gra3ml/IC/Códigos_DeepSeek-R1/database-DeepSeekR1
[2025-04-10 13:45:26] Using autobuild script /home/gra3ml/.local/share/gh/extensions/gh-codeql/dist/release/v2.20.4/python/tools/autobuild.sh.
[2025-04-10 13:45:26] [PROGRESS] database trace-command> Running command in /home/gra3ml/IC/Códigos_DeepSeek-R1: [/home/gra3ml/.local/share/gh/extensions/gh-codeql/dist/release/v2.20.4/python/tools/autobuild.sh]
[2025-04-10 13:45:27] [build-stderr] /bin/sh: 1: python2: not found
[2025-04-10 13:45:27] [build-stdout] No directories containing root identifiers were found. Returning working directory as root.
[2025-04-10 13:45:27] [build-stdout] Will try to guess Python version, as it was not specified in `lgtm.yml`
[2025-04-10 13:45:27] [build-stdout] Trying to guess Python version based on Trove classifiers in setup.py
[2025-04-10 13:45:27] [build-stdout] Did not find setup.py (expected it to be at /home/gra3ml/IC/Códigos_DeepSeek-R1/setup.py)
[2025-04-10 13:45:27] [build-stdout] Trying to guess Python version based on travis file
[2025-04-10 13:45:27] [build-stdout] Did not find any travis files (expected them at either ['/home/gra3ml/IC/Códigos_DeepSeek-R1/.travis.yml', '/home/gra3ml/IC/Códigos_DeepSeek-R1/travis.yml'])
[2025-04-10 13:45:27] [build-stdout] Trying to guess Python version based on installed versions
[2025-04-10 13:45:27] [build-stdout] Wanted to run Python 2, but it is not available. Using Python 3 instead
[2025-04-10 13:45:27] [build-stdout] This script is running Python 3, but Python 2 is also available (as 'python3')
[2025-04-10 13:45:27] [build-stdout] Could not guess Python version, will use default: Python 3
[2025-04-10 13:45:27] [build-stdout] Calling python3 -S /home/gra3ml/.local/share/gh/extensions/gh-codeql/dist/release/v2.20.4/python/tools/python_tracer.py --verbosity 3 -z all -c /home/gra3ml/IC/Códigos_DeepSeek-R1/database-DeepSeekR1/working/trap_cache -R /home/gra3ml/IC/Códigos_DeepSeek-R1
[2025-04-10 13:45:27] [build-stdout] INFO: The Python extractor has recently stopped extracting the standard library by default. If you encounter problems, please let us know by submitting an issue to https://github.com/github/codeql. It is possible to re-enable extraction of the standard library by setting the environment variable CODEQL_EXTRACTOR_PYTHON_EXTRACT_STDLIB.
[2025-04-10 13:45:27] [build-stdout] [INFO] Extraction will use the Python 3 standard library.
[2025-04-10 13:45:27] [build-stdout] [INFO] sys_path is: ['/home/gra3ml/.local/share/gh/extensions/gh-codeql/dist/release/v2.20.4/python/tools', '/usr/lib/python312.zip', '/usr/lib/python3.12', '/usr/lib/python3.12/lib-dynload']
[2025-04-10 13:45:27] [build-stdout] [INFO] Python version 3.12.3
[2025-04-10 13:45:27] [build-stdout] [INFO] Python extractor version 7.1.2
[2025-04-10 13:45:28] [build-stdout] [WARN] [1] Failed to find .forms, no parent package of Python module at /home/gra3ml/IC/Códigos_DeepSeek-R1/1_routes.py
[2025-04-10 13:45:28] [build-stdout] [WARN] [3] Failed to find ., no parent package of Python module at /home/gra3ml/IC/Códigos_DeepSeek-R1/2_routes.py
[2025-04-10 13:45:28] [build-stdout] [WARN] [1] Failed to find .models, no parent package of Python module at /home/gra3ml/IC/Códigos_DeepSeek-R1/1_routes.py
[2025-04-10 13:45:28] [build-stdout] [INFO] [3] Extracted file /home/gra3ml/IC/Códigos_DeepSeek-R1/2_routes.py in 41ms
[2025-04-10 13:45:28] [build-stdout] [INFO] [2] Extracted file /home/gra3ml/IC/Códigos_DeepSeek-R1/8_forms.py in 69ms
[2025-04-10 13:45:28] [build-stdout] [INFO] [7] Extracted file /home/gra3ml/IC/Códigos_DeepSeek-R1/16_setup.py in 35ms
[2025-04-10 13:45:28] [build-stdout] [INFO] [3] Extracted file /home/gra3ml/IC/Códigos_DeepSeek-R1/12___init__.py in 23ms
[2025-04-10 13:45:28] [build-stdout] [INFO] [5] Extracted file /home/gra3ml/IC/Códigos_DeepSeek-R1/25_config.py in 57ms
[2025-04-10 13:45:28] [build-stdout] [INFO] [1] Extracted file /home/gra3ml/IC/Códigos_DeepSeek-R1/1_routes.py in 74ms
[2025-04-10 13:45:28] [build-stdout] [INFO] [1] Extracted file /home/gra3ml/IC/Códigos_DeepSeek-R1/4___init__.py in 4ms
[2025-04-10 13:45:28] [build-stdout] [INFO] [6] Extracted file /home/gra3ml/IC/Códigos_DeepSeek-R1/8_config.py in 44ms
[2025-04-10 13:45:28] [build-stdout] [INFO] [3] Extracted file /home/gra3ml/IC/Códigos_DeepSeek-R1/1_config.py in 22ms
[2025-04-10 13:45:28] [build-stdout] [WARN] [6] Failed to find .models, no parent package of Python module at /home/gra3ml/IC/Códigos_DeepSeek-R1/9_routes.py
[2025-04-10 13:45:28] [build-stdout] [WARN] [6] Failed to find .services, no parent package of Python module at /home/gra3ml/IC/Códigos_DeepSeek-R1/9_routes.py
[2025-04-10 13:45:28] [build-stdout] [INFO] [7] Extracted file /home/gra3ml/IC/Códigos_DeepSeek-R1/25_download_service.py in 81ms
[2025-04-10 13:45:28] [build-stdout] [INFO] [1] Extracted file /home/gra3ml/IC/Códigos_DeepSeek-R1/18_test_main.py in 57ms
[2025-04-10 13:45:28] [build-stdout] [INFO] [5] Extracted file /home/gra3ml/IC/Códigos_DeepSeek-R1/15_test_ping_script.py in 76ms
[2025-04-10 13:45:28] [build-stdout] [INFO] [8] Extracted file /home/gra3ml/IC/Códigos_DeepSeek-R1/18___init__.py in 15ms
[2025-04-10 13:45:28] [build-stdout] [INFO] [2] Extracted file /home/gra3ml/IC/Códigos_DeepSeek-R1/16_evaluator.py in 111ms
[2025-04-10 13:45:28] [build-stdout] [INFO] [4] Extracted file /home/gra3ml/IC/Códigos_DeepSeek-R1/20_database.py in 39ms
[2025-04-10 13:45:28] [build-stdout] [INFO] [3] Extracted file /home/gra3ml/IC/Códigos_DeepSeek-R1/20_verification.py in 79ms
[2025-04-10 13:45:28] [build-stdout] [INFO] [6] Extracted file /home/gra3ml/IC/Códigos_DeepSeek-R1/9_routes.py in 124ms
[2025-04-10 13:45:28] [build-stdout] [INFO] [1] Extracted file /home/gra3ml/IC/Códigos_DeepSeek-R1/9_services.py in 41ms
[2025-04-10 13:45:28] [build-stdout] [INFO] [7] Extracted file /home/gra3ml/IC/Códigos_DeepSeek-R1/8_utils.py in 48ms
[2025-04-10 13:45:28] [build-stdout] [INFO] [3] Extracted file /home/gra3ml/IC/Códigos_DeepSeek-R1/29_config.py in 18ms
[2025-04-10 13:45:28] [build-stdout] [INFO] [2] Extracted file /home/gra3ml/IC/Códigos_DeepSeek-R1/9_config.py in 27ms
[2025-04-10 13:45:28] [build-stdout] [INFO] [2] Extracted file /home/gra3ml/IC/Códigos_DeepSeek-R1/25_file_utils.py in 14ms
[2025-04-10 13:45:28] [build-stdout] [INFO] [6] Extracted file /home/gra3ml/IC/Códigos_DeepSeek-R1/24_json_importer.py in 22ms
[2025-04-10 13:45:28] [build-stdout] [INFO] [1] Extracted file /home/gra3ml/IC/Códigos_DeepSeek-R1/30_main.py in 30ms
[2025-04-10 13:45:28] [build-stdout] [INFO] [5] Extracted file /home/gra3ml/IC/Códigos_DeepSeek-R1/6_database.py in 57ms
[2025-04-10 13:45:28] [build-stdout] [INFO] [5] Extracted file /home/gra3ml/IC/Códigos_DeepSeek-R1/30___init__.py in 6ms
[2025-04-10 13:45:28] [build-stdout] [INFO] [5] Extracted file /home/gra3ml/IC/Códigos_DeepSeek-R1/2_run.py in 14ms
[2025-04-10 13:45:28] [build-stdout] [WARN] [7] Failed to find .forms, no parent package of Python module at /home/gra3ml/IC/Códigos_DeepSeek-R1/8_routes.py
[2025-04-10 13:45:28] [build-stdout] [INFO] [3] Extracted file /home/gra3ml/IC/Códigos_DeepSeek-R1/28_security.py in 40ms
[2025-04-10 13:45:28] [build-stdout] [INFO] [4] Extracted file /home/gra3ml/IC/Códigos_DeepSeek-R1/30_test_config_loader.py in 60ms
[2025-04-10 13:45:28] [build-stdout] [WARN] [7] Failed to find ..models, no parent package of Python module at /home/gra3ml/IC/Códigos_DeepSeek-R1/8_routes.py
[2025-04-10 13:45:28] [build-stdout] [WARN] [7] Failed to find .., no parent package of Python module at /home/gra3ml/IC/Códigos_DeepSeek-R1/8_routes.py
[2025-04-10 13:45:28] [build-stdout] [INFO] [2] Extracted file /home/gra3ml/IC/Códigos_DeepSeek-R1/28_main.py in 54ms
[2025-04-10 13:45:28] [build-stdout] [INFO] [3] Extracted file /home/gra3ml/IC/Códigos_DeepSeek-R1/25_main.py in 27ms
[2025-04-10 13:45:28] [build-stdout] [INFO] [5] Extracted file /home/gra3ml/IC/Códigos_DeepSeek-R1/24_main.py in 48ms
[2025-04-10 13:45:28] [build-stdout] [WARN] [2] Failed to find .forms, no parent package of Python module at /home/gra3ml/IC/Códigos_DeepSeek-R1/7_routes.py
[2025-04-10 13:45:28] [build-stdout] [INFO] [5] Extracted file /home/gra3ml/IC/Códigos_DeepSeek-R1/9_run.py in 15ms
[2025-04-10 13:45:28] [build-stdout] [INFO] [8] Extracted file /home/gra3ml/IC/Códigos_DeepSeek-R1/22_test_file_utils.py in 121ms
[2025-04-10 13:45:28] [build-stdout] [INFO] [6] Extracted file /home/gra3ml/IC/Códigos_DeepSeek-R1/23_main.py in 106ms
[2025-04-10 13:45:28] [build-stdout] [INFO] [2] Extracted file /home/gra3ml/IC/Códigos_DeepSeek-R1/7_routes.py in 56ms
[2025-04-10 13:45:28] [build-stdout] [INFO] [6] Extracted file /home/gra3ml/IC/Códigos_DeepSeek-R1/12_run.py in 19ms
[2025-04-10 13:45:28] [build-stdout] [INFO] [8] Extracted file /home/gra3ml/IC/Códigos_DeepSeek-R1/11_run.py in 41ms
[2025-04-10 13:45:28] [build-stdout] [INFO] [1] Extracted file /home/gra3ml/IC/Códigos_DeepSeek-R1/29_main.py in 124ms
[2025-04-10 13:45:28] [build-stdout] [WARN] [8] Failed to find ., no parent package of Python module at /home/gra3ml/IC/Códigos_DeepSeek-R1/1___init__.py
[2025-04-10 13:45:28] [build-stdout] [INFO] [3] Extracted file /home/gra3ml/IC/Códigos_DeepSeek-R1/17_main.py in 89ms
[2025-04-10 13:45:28] [build-stdout] [INFO] [6] Extracted file /home/gra3ml/IC/Códigos_DeepSeek-R1/7_run.py in 21ms
[2025-04-10 13:45:28] [build-stdout] [INFO] [5] Extracted file /home/gra3ml/IC/Códigos_DeepSeek-R1/8_models.py in 84ms
[2025-04-10 13:45:28] [build-stdout] [INFO] [2] Extracted file /home/gra3ml/IC/Códigos_DeepSeek-R1/30_ec2.py in 72ms
[2025-04-10 13:45:28] [build-stdout] [INFO] [2] Extracted folder /usr/lib/python3.12/sqlite3 in 3ms
[2025-04-10 13:45:28] [build-stdout] [INFO] [1] Extracted file /home/gra3ml/IC/Códigos_DeepSeek-R1/12_config.py in 54ms
[2025-04-10 13:45:28] [build-stdout] [INFO] [3] Extracted file /home/gra3ml/IC/Códigos_DeepSeek-R1/22_main.py in 47ms
[2025-04-10 13:45:28] [build-stdout] [INFO] [4] Extracted file /home/gra3ml/IC/Códigos_DeepSeek-R1/23_test_backup.py in 181ms
[2025-04-10 13:45:28] [build-stdout] [INFO] [8] Extracted file /home/gra3ml/IC/Códigos_DeepSeek-R1/1___init__.py in 65ms
[2025-04-10 13:45:28] [build-stdout] [INFO] [7] Extracted file /home/gra3ml/IC/Códigos_DeepSeek-R1/8_routes.py in 226ms
[2025-04-10 13:45:28] [build-stdout] [INFO] [7] Extracted file /home/gra3ml/IC/Códigos_DeepSeek-R1/5___init__.py in 11ms
[2025-04-10 13:45:28] [build-stdout] [INFO] [1] Extracted file /home/gra3ml/IC/Códigos_DeepSeek-R1/20_user.py in 42ms
[2025-04-10 13:45:28] [build-stdout] [INFO] [3] Extracted file /home/gra3ml/IC/Códigos_DeepSeek-R1/25_run.py in 38ms
[2025-04-10 13:45:28] [build-stdout] [INFO] [2] Extracted file /home/gra3ml/IC/Códigos_DeepSeek-R1/22_file_utils.py in 51ms
[2025-04-10 13:45:28] [build-stdout] [INFO] [6] Extracted file /home/gra3ml/IC/Códigos_DeepSeek-R1/27_api_integration.py in 72ms
[2025-04-10 13:45:28] [build-stdout] [INFO] [4] Extracted file /home/gra3ml/IC/Códigos_DeepSeek-R1/19_main.py in 44ms
[2025-04-10 13:45:28] [build-stdout] [INFO] [5] Extracted file /home/gra3ml/IC/Códigos_DeepSeek-R1/3_app.py in 88ms
[2025-04-10 13:45:28] [build-stdout] [INFO] [6] Skipped built-in file /usr/lib/python3.12/unittest/__init__.py
[2025-04-10 13:45:28] [build-stdout] [INFO] [4] Extracted file /home/gra3ml/IC/Códigos_DeepSeek-R1/28___init__.py in 6ms
[2025-04-10 13:45:28] [build-stdout] [INFO] [2] Extracted file /home/gra3ml/IC/Códigos_DeepSeek-R1/7_config.py in 29ms
[2025-04-10 13:45:28] [build-stdout] [INFO] [5] Extracted file /home/gra3ml/IC/Códigos_DeepSeek-R1/25_download_routes.py in 33ms
[2025-04-10 13:45:28] [build-stdout] [INFO] [4] Extracted file /home/gra3ml/IC/Códigos_DeepSeek-R1/17___init__.py in 4ms
[2025-04-10 13:45:28] [build-stdout] [INFO] [8] Extracted file /home/gra3ml/IC/Códigos_DeepSeek-R1/24_test_data_model.py in 107ms
[2025-04-10 13:45:28] [build-stdout] [INFO] [3] Extracted file /home/gra3ml/IC/Códigos_DeepSeek-R1/23_restore.py in 83ms
[2025-04-10 13:45:28] [build-stdout] [INFO] [3] Extracted file /home/gra3ml/IC/Códigos_DeepSeek-R1/24___init__.py in 4ms
[2025-04-10 13:45:28] [build-stdout] [INFO] [7] Extracted file /home/gra3ml/IC/Códigos_DeepSeek-R1/28_test_auth.py in 108ms
[2025-04-10 13:45:28] [build-stdout] [INFO] [2] Extracted file /home/gra3ml/IC/Códigos_DeepSeek-R1/20_test_verification.py in 72ms
[2025-04-10 13:45:28] [build-stdout] [INFO] [2] Skipped built-in file /usr/lib/python3.12/os.py
[2025-04-10 13:45:28] [build-stdout] [INFO] [2] Skipped built-in file /usr/lib/python3.12/subprocess.py
[2025-04-10 13:45:28] [build-stdout] [INFO] [8] Extracted file /home/gra3ml/IC/Códigos_DeepSeek-R1/11_config.py in 49ms
[2025-04-10 13:45:28] [build-stdout] [INFO] [6] Extracted file /home/gra3ml/IC/Códigos_DeepSeek-R1/20_main.py in 131ms
[2025-04-10 13:45:28] [build-stdout] [INFO] [7] Extracted file /home/gra3ml/IC/Códigos_DeepSeek-R1/27_config.py in 20ms
[2025-04-10 13:45:28] [build-stdout] [INFO] [4] Extracted file /home/gra3ml/IC/Códigos_DeepSeek-R1/30_test_ec2.py in 96ms
[2025-04-10 13:45:28] [build-stdout] [INFO] [6] Extracted file /home/gra3ml/IC/Códigos_DeepSeek-R1/9___init__.py in 11ms
[2025-04-10 13:45:28] [build-stdout] [INFO] [2] Extracted file /home/gra3ml/IC/Códigos_DeepSeek-R1/8_run.py in 25ms
[2025-04-10 13:45:28] [build-stdout] [INFO] [5] Extracted file /home/gra3ml/IC/Códigos_DeepSeek-R1/20_auth.py in 78ms
[2025-04-10 13:45:28] [build-stdout] [INFO] [2] Extracted file /home/gra3ml/IC/Códigos_DeepSeek-R1/30_config_loader.py in 17ms
[2025-04-10 13:45:28] [build-stdout] [INFO] [3] Extracted file /home/gra3ml/IC/Códigos_DeepSeek-R1/25_test_download_routes.py in 70ms
[2025-04-10 13:45:28] [build-stdout] [INFO] [1] Extracted file /home/gra3ml/IC/Códigos_DeepSeek-R1/16_test_evaluator.py in 176ms
[2025-04-10 13:45:28] [build-stdout] [INFO] [7] Extracted file /home/gra3ml/IC/Códigos_DeepSeek-R1/16_main.py in 54ms
[2025-04-10 13:45:28] [build-stdout] [INFO] [2] Extracted file /home/gra3ml/IC/Códigos_DeepSeek-R1/28_db.py in 33ms
[2025-04-10 13:45:28] [build-stdout] [INFO] [8] Extracted file /home/gra3ml/IC/Códigos_DeepSeek-R1/16_test_parser.py in 81ms
[2025-04-10 13:45:28] [build-stdout] [INFO] [5] Extracted file /home/gra3ml/IC/Códigos_DeepSeek-R1/13_app.py in 74ms
[2025-04-10 13:45:28] [build-stdout] [INFO] [1] Extracted file /home/gra3ml/IC/Códigos_DeepSeek-R1/1_forms.py in 42ms
[2025-04-10 13:45:28] [build-stdout] [INFO] [1] Skipped built-in file /usr/lib/python3.12/unittest/mock.py
[2025-04-10 13:45:28] [build-stdout] [INFO] [2] Extracted file /home/gra3ml/IC/Códigos_DeepSeek-R1/27_main.py in 29ms
[2025-04-10 13:45:28] [build-stdout] [INFO] [6] Extracted file /home/gra3ml/IC/Códigos_DeepSeek-R1/18_main.py in 89ms
[2025-04-10 13:45:28] [build-stdout] [INFO] [4] Extracted file /home/gra3ml/IC/Códigos_DeepSeek-R1/5_test_db_connection.py in 102ms
[2025-04-10 13:45:28] [build-stdout] [INFO] [7] Extracted file /home/gra3ml/IC/Códigos_DeepSeek-R1/26_app.py in 56ms
[2025-04-10 13:45:28] [build-stdout] [INFO] [6] Extracted file /home/gra3ml/IC/Códigos_DeepSeek-R1/2_config.py in 13ms
[2025-04-10 13:45:28] [build-stdout] [WARN] [7] Failed to find ., no parent package of Python module at /home/gra3ml/IC/Códigos_DeepSeek-R1/2___init__.py
[2025-04-10 13:45:28] [build-stdout] [INFO] [7] Extracted file /home/gra3ml/IC/Códigos_DeepSeek-R1/2___init__.py in 22ms
[2025-04-10 13:45:28] [build-stdout] [INFO] [5] Extracted file /home/gra3ml/IC/Códigos_DeepSeek-R1/24_data_model.py in 55ms
[2025-04-10 13:45:28] [build-stdout] [INFO] [8] Extracted file /home/gra3ml/IC/Códigos_DeepSeek-R1/23_backup.py in 74ms
[2025-04-10 13:45:28] [build-stdout] [INFO] [8] Skipped built-in file /usr/lib/python3.12/json/__init__.py
[2025-04-10 13:45:28] [build-stdout] [INFO] [6] Extracted file /home/gra3ml/IC/Códigos_DeepSeek-R1/22_config_manager.py in 54ms
[2025-04-10 13:45:28] [build-stdout] [INFO] [1] Extracted file /home/gra3ml/IC/Códigos_DeepSeek-R1/22_test_config_manager.py in 79ms
[2025-04-10 13:45:28] [build-stdout] [INFO] [4] Extracted file /home/gra3ml/IC/Códigos_DeepSeek-R1/11_routes.py in 81ms
[2025-04-10 13:45:28] [build-stdout] [INFO] [7] Extracted file /home/gra3ml/IC/Códigos_DeepSeek-R1/15_ping_script.py in 60ms
[2025-04-10 13:45:28] [build-stdout] [INFO] [3] Extracted file /home/gra3ml/IC/Códigos_DeepSeek-R1/16_lexer.py in 159ms
[2025-04-10 13:45:28] [build-stdout] [INFO] [5] Extracted file /home/gra3ml/IC/Códigos_DeepSeek-R1/25_test_download_service.py in 54ms
[2025-04-10 13:45:28] [build-stdout] [INFO] [1] Extracted file /home/gra3ml/IC/Códigos_DeepSeek-R1/3_models.py in 49ms
[2025-04-10 13:45:28] [build-stdout] [INFO] [6] Extracted file /home/gra3ml/IC/Códigos_DeepSeek-R1/21_main.py in 62ms
[2025-04-10 13:45:28] [build-stdout] [INFO] [2] Extracted file /home/gra3ml/IC/Códigos_DeepSeek-R1/16_test_lexer.py in 135ms
[2025-04-10 13:45:28] [build-stdout] [INFO] [7] Extracted file /home/gra3ml/IC/Códigos_DeepSeek-R1/4_app.py in 63ms
[2025-04-10 13:45:28] [build-stdout] [INFO] [5] Extracted file /home/gra3ml/IC/Códigos_DeepSeek-R1/20_test_auth.py in 69ms
[2025-04-10 13:45:28] [build-stdout] [INFO] [4] Extracted file /home/gra3ml/IC/Códigos_DeepSeek-R1/4_db_operations.py in 77ms
[2025-04-10 13:45:28] [build-stdout] [INFO] [2] Extracted file /home/gra3ml/IC/Códigos_DeepSeek-R1/7___init__.py in 24ms
[2025-04-10 13:45:28] [build-stdout] [INFO] [2] Extracted folder /usr/lib/python3.12/unittest in 1ms
[2025-04-10 13:45:28] [build-stdout] [INFO] [3] Extracted file /home/gra3ml/IC/Códigos_DeepSeek-R1/12_routes.py in 82ms
[2025-04-10 13:45:28] [build-stdout] [INFO] [8] Extracted file /home/gra3ml/IC/Códigos_DeepSeek-R1/18_test_dynamic_loader.py in 134ms
[2025-04-10 13:45:28] [build-stdout] [INFO] [3] Extracted file /home/gra3ml/IC/Códigos_DeepSeek-R1/11___init__.py in 21ms
[2025-04-10 13:45:28] [build-stdout] [INFO] [4] Extracted file /home/gra3ml/IC/Códigos_DeepSeek-R1/5_user.py in 39ms
[2025-04-10 13:45:28] [build-stdout] [INFO] [8] Extracted file /home/gra3ml/IC/Códigos_DeepSeek-R1/25___init__.py in 4ms
[2025-04-10 13:45:28] [build-stdout] [INFO] [7] Extracted file /home/gra3ml/IC/Códigos_DeepSeek-R1/17_script_runner.py in 51ms
[2025-04-10 13:45:29] [build-stdout] [INFO] [5] Extracted file /home/gra3ml/IC/Códigos_DeepSeek-R1/6_main.py in 62ms
[2025-04-10 13:45:29] [build-stdout] [INFO] [6] Extracted file /home/gra3ml/IC/Códigos_DeepSeek-R1/23_test_restore.py in 92ms
[2025-04-10 13:45:29] [build-stdout] [INFO] [5] Extracted file /home/gra3ml/IC/Códigos_DeepSeek-R1/23___init__.py in 4ms
[2025-04-10 13:45:29] [build-stdout] [INFO] [5] Skipped built-in file /usr/lib/python3.12/sqlite3/__init__.py
[2025-04-10 13:45:29] [build-stdout] [INFO] [5] Extracted file /home/gra3ml/IC/Códigos_DeepSeek-R1/16___init__.py in 3ms
[2025-04-10 13:45:29] [build-stdout] [INFO] [5] Extracted file /home/gra3ml/IC/Códigos_DeepSeek-R1/6_config.py in 8ms
[2025-04-10 13:45:29] [build-stdout] [INFO] [7] Extracted file /home/gra3ml/IC/Códigos_DeepSeek-R1/29_test_utils.py in 37ms
[2025-04-10 13:45:29] [build-stdout] [INFO] [3] Extracted file /home/gra3ml/IC/Códigos_DeepSeek-R1/4_auth_operations.py in 47ms
[2025-04-10 13:45:29] [build-stdout] [INFO] [4] Extracted file /home/gra3ml/IC/Códigos_DeepSeek-R1/18_dynamic_loader.py in 56ms
[2025-04-10 13:45:29] [build-stdout] [INFO] [6] Extracted file /home/gra3ml/IC/Códigos_DeepSeek-R1/5_db_connection.py in 39ms
[2025-04-10 13:45:29] [build-stdout] [INFO] [8] Extracted file /home/gra3ml/IC/Códigos_DeepSeek-R1/29_utils.py in 71ms
[2025-04-10 13:45:29] [build-stdout] [INFO] [2] Extracted file /home/gra3ml/IC/Códigos_DeepSeek-R1/14_app.py in 104ms
[2025-04-10 13:45:29] [build-stdout] [INFO] [2] Extracted folder /usr/lib/python3.12/json in 1ms
[2025-04-10 13:45:29] [build-stdout] [INFO] [1] Extracted file /home/gra3ml/IC/Códigos_DeepSeek-R1/16_parser.py in 159ms
[2025-04-10 13:45:29] [build-stdout] [INFO] [8] Extracted file /home/gra3ml/IC/Códigos_DeepSeek-R1/1_models.py in 33ms
[2025-04-10 13:45:29] [build-stdout] [INFO] [7] Extracted file /home/gra3ml/IC/Códigos_DeepSeek-R1/9_models.py in 44ms
[2025-04-10 13:45:29] [build-stdout] [INFO] [8] Extracted file /home/gra3ml/IC/Códigos_DeepSeek-R1/20___init__.py in 9ms
[2025-04-10 13:45:29] [build-stdout] [INFO] [3] Extracted file /home/gra3ml/IC/Códigos_DeepSeek-R1/5_app.py in 58ms
[2025-04-10 13:45:29] [build-stdout] [INFO] [3] Extracted file /home/gra3ml/IC/Códigos_DeepSeek-R1/8___init__.py in 10ms
[2025-04-10 13:45:29] [build-stdout] [INFO] [3] Extracted file /home/gra3ml/IC/Códigos_DeepSeek-R1/1_run.py in 14ms
[2025-04-10 13:45:29] [build-stdout] [INFO] [7] Extracted file /home/gra3ml/IC/Códigos_DeepSeek-R1/28_auth.py in 25ms
[2025-04-10 13:45:29] [build-stdout] [INFO] [7] Skipped built-in file /usr/lib/python3.12/pickle.py
[2025-04-10 13:45:29] [build-stdout] [INFO] [6] Extracted file /home/gra3ml/IC/Códigos_DeepSeek-R1/10_app.py in 74ms
[2025-04-10 13:45:29] [build-stdout] [INFO] [6] Extracted module sys in 1ms
[2025-04-10 13:45:29] [build-stdout] [INFO] [6] Skipped built-in file /usr/lib/python3.12/re/__init__.py
[2025-04-10 13:45:29] [build-stdout] [INFO] [6] Extracted folder /usr/lib/python3.12/re in 2ms
[2025-04-10 13:45:29] [build-stdout] [INFO] [4] Extracted file /home/gra3ml/IC/Códigos_DeepSeek-R1/7_forms.py in 42ms
[2025-04-10 13:45:29] [build-stdout] [INFO] [7] Extracted file /home/gra3ml/IC/Códigos_DeepSeek-R1/28_models.py in 41ms
[2025-04-10 13:45:29] [build-stdout] [INFO] [4] Extracted file /home/gra3ml/IC/Códigos_DeepSeek-R1/7_models.py in 57ms
[2025-04-10 13:45:29] [build-stdout] [INFO] [2] Extracted file /home/gra3ml/IC/Códigos_DeepSeek-R1/5_user_search_service.py in 89ms
[2025-04-10 13:45:29] [build-stdout] [INFO] [5] Extracted file /home/gra3ml/IC/Códigos_DeepSeek-R1/5_test_user_search_service.py in 122ms
[2025-04-10 13:45:29] [build-stdout] [INFO] [8] Extracted file /home/gra3ml/IC/Códigos_DeepSeek-R1/29_github_client.py in 60ms
[2025-04-10 13:45:29] [build-stdout] [INFO] [1] Extracted file /home/gra3ml/IC/Códigos_DeepSeek-R1/24_test_json_importer.py in 92ms
[2025-04-10 13:45:29] [build-stdout] [INFO] [3] Extracted file /home/gra3ml/IC/Códigos_DeepSeek-R1/29_test_github_client.py in 95ms
[2025-04-10 13:45:29] [build-stdout] [INFO] Processed 147 modules in 1.34s
[2025-04-10 13:45:29] Plumbing command codeql database trace-command completed.
[2025-04-10 13:45:29] [PROGRESS] database create> Finalizing database at /home/gra3ml/IC/Códigos_DeepSeek-R1/database-DeepSeekR1.
[2025-04-10 13:45:29] Running plumbing command: codeql database finalize --no-db-cluster -- /home/gra3ml/IC/Códigos_DeepSeek-R1/database-DeepSeekR1
[2025-04-10 13:45:29] Using pre-finalize script /home/gra3ml/.local/share/gh/extensions/gh-codeql/dist/release/v2.20.4/python/tools/pre-finalize.sh.
[2025-04-10 13:45:29] [PROGRESS] database finalize> Running pre-finalize script /home/gra3ml/.local/share/gh/extensions/gh-codeql/dist/release/v2.20.4/python/tools/pre-finalize.sh in /home/gra3ml/IC/Códigos_DeepSeek-R1.
[2025-04-10 13:45:29] Running plumbing command: codeql database trace-command --working-dir=/home/gra3ml/IC/Códigos_DeepSeek-R1 --no-tracing -- /home/gra3ml/IC/Códigos_DeepSeek-R1/database-DeepSeekR1 /home/gra3ml/.local/share/gh/extensions/gh-codeql/dist/release/v2.20.4/python/tools/pre-finalize.sh
[2025-04-10 13:45:29] [PROGRESS] database trace-command> Running command in /home/gra3ml/IC/Códigos_DeepSeek-R1: [/home/gra3ml/.local/share/gh/extensions/gh-codeql/dist/release/v2.20.4/python/tools/pre-finalize.sh]
[2025-04-10 13:45:31] [build-stderr] Scanning for files in /home/gra3ml/IC/Códigos_DeepSeek-R1...
[2025-04-10 13:45:31] [build-stderr] /home/gra3ml/IC/Códigos_DeepSeek-R1/database-DeepSeekR1: Indexing files in in /home/gra3ml/IC/Códigos_DeepSeek-R1...
[2025-04-10 13:45:31] [build-stderr] Running command in /home/gra3ml/IC/Códigos_DeepSeek-R1: [/home/gra3ml/.local/share/gh/extensions/gh-codeql/dist/release/v2.20.4/yaml/tools/index-files.sh, /home/gra3ml/IC/Códigos_DeepSeek-R1/database-DeepSeekR1/working/files-to-index9899939475070325931.list]
[2025-04-10 13:45:32] Plumbing command codeql database trace-command completed.
[2025-04-10 13:45:32] [PROGRESS] database finalize> Running TRAP import for CodeQL database at /home/gra3ml/IC/Códigos_DeepSeek-R1/database-DeepSeekR1...
[2025-04-10 13:45:32] Running plumbing command: codeql dataset import --dbscheme=/home/gra3ml/.local/share/gh/extensions/gh-codeql/dist/release/v2.20.4/python/semmlecode.python.dbscheme -- /home/gra3ml/IC/Códigos_DeepSeek-R1/database-DeepSeekR1/db-python /home/gra3ml/IC/Códigos_DeepSeek-R1/database-DeepSeekR1/trap/python
[2025-04-10 13:45:32] Clearing disk cache since the version file /home/gra3ml/IC/Códigos_DeepSeek-R1/database-DeepSeekR1/db-python/default/cache/version does not exist
[2025-04-10 13:45:32] Tuple pool not found. Clearing relations with cached strings
[2025-04-10 13:45:32] Trimming disk cache at /home/gra3ml/IC/Códigos_DeepSeek-R1/database-DeepSeekR1/db-python/default/cache in mode clear.
[2025-04-10 13:45:32] Sequence stamp origin is -6062159368500253986
[2025-04-10 13:45:32] Pausing evaluation to hard-clear memory at sequence stamp o+0
[2025-04-10 13:45:32] Unpausing evaluation
[2025-04-10 13:45:32] Pausing evaluation to quickly trim disk at sequence stamp o+1
[2025-04-10 13:45:32] Unpausing evaluation
[2025-04-10 13:45:32] Pausing evaluation to zealously trim disk at sequence stamp o+2
[2025-04-10 13:45:32] Unpausing evaluation
[2025-04-10 13:45:32] Trimming completed (20ms): Purged everything.
[2025-04-10 13:45:32] Scanning for files in /home/gra3ml/IC/Códigos_DeepSeek-R1/database-DeepSeekR1/trap/python
[2025-04-10 13:45:32] Found 152 TRAP files (1.18 MiB)
[2025-04-10 13:45:32] [PROGRESS] dataset import> Importing TRAP files
[2025-04-10 13:45:32] Importing $files.14cZOdUSf6Zpykwvzyy2jM9wuU4=.trap.gz (1 of 152)
[2025-04-10 13:45:32] Importing $files.7EFDfvJTXJAZx51NQhgoug1EV-0=.trap.gz (2 of 152)
[2025-04-10 13:45:32] Importing $files.Bukf1cWvD-ycB7aT2SCGooSF0Ho=.trap.gz (3 of 152)
[2025-04-10 13:45:32] Importing $files.Dpgz-ETp9W53hCTr-OoHlkLNdKU=.trap.gz (4 of 152)
[2025-04-10 13:45:32] Importing $files.OaTH0hLexbEV9SMY3xEq33Gk9EQ=.trap.gz (5 of 152)
[2025-04-10 13:45:32] Importing $files.Qz0oaYzefV7TiANRY_UhUFBFt5k=.trap.gz (6 of 152)
[2025-04-10 13:45:32] Importing $files.fa4KhCr4ld0NKnkraTg1AYp77yU=.trap.gz (7 of 152)
[2025-04-10 13:45:32] Importing $files.uhttk878Yg84wdA2ZT0MdHm6I-c=.trap.gz (8 of 152)
[2025-04-10 13:45:32] Importing $flags.vSlJJI1MCg-dONOSC2ogckBgweo=.trap.gz (9 of 152)
[2025-04-10 13:45:33] Importing $interpreter3.3FSA508CUGQ2wVuFNjUcZaFac3E=.trap.gz (10 of 152)
[2025-04-10 13:45:33] Importing $stdlib_33.KZwC2BuwsmUX5xG7z738TzeqJuE=.trap (11 of 152)
[2025-04-10 13:45:33] Importing 10_app.py.j_k2Xok4uz7P38AWknZ6kL_ZUdM=.trap.gz (12 of 152)
[2025-04-10 13:45:33] Importing 11___init__.py.yAufXeFIr8U2Z53vWyVZhMhO3uc=.trap.gz (13 of 152)
[2025-04-10 13:45:33] Importing 11_config.py.nK56kOvQ6XiCuO1Or5zSas4dte0=.trap.gz (14 of 152)
[2025-04-10 13:45:33] Importing 11_routes.py.gX_e49O_sSoDCpWQ0VO5LplbiPs=.trap.gz (15 of 152)
[2025-04-10 13:45:33] Importing 11_run.py.H9MnKbPQJcYtWGAb0rpfWy30S7U=.trap.gz (16 of 152)
[2025-04-10 13:45:33] Importing 12___init__.py.W1lMU4xXmizi_xs42fR4uVoyvnU=.trap.gz (17 of 152)
[2025-04-10 13:45:33] Importing 12_config.py.x_9DHFvjiVo6wis8DDeUYW1Eg3U=.trap.gz (18 of 152)
[2025-04-10 13:45:33] Importing 12_routes.py.h-xUoFTGZ1oK5Y12AWJYHYHklbw=.trap.gz (19 of 152)
[2025-04-10 13:45:33] Importing 12_run.py.IpwnTXB7gF-XtOZF0hp_DAAegT0=.trap.gz (20 of 152)
[2025-04-10 13:45:33] Importing 13_app.py.PwEl2ddpoDbvCB7YgzLkwvDEX3g=.trap.gz (21 of 152)
[2025-04-10 13:45:33] Importing 14_app.py.jmT1_zl8E-ylFfRiw5YHvlD9MR8=.trap.gz (22 of 152)
[2025-04-10 13:45:33] Importing 15_ping_script.py.UTtmcjPwmd7_Brg_VKFUXP83LH4=.trap.gz (23 of 152)
[2025-04-10 13:45:33] Importing 15_test_ping_script.py.Rbjyp3lGY9uY8hG81Dy2Hxta3fc=.trap.gz (24 of 152)
[2025-04-10 13:45:33] Importing 16___init__.py.2jUqaogYrj1EuiRUOll8Eg8Zv1A=.trap.gz (25 of 152)
[2025-04-10 13:45:33] Importing 16_evaluator.py.KTwhe8KM7XqaORmmCT4mlD73pE8=.trap.gz (26 of 152)
[2025-04-10 13:45:33] Importing 16_lexer.py._8bBQ5dCZ3W5-U6UrqTi-V_Zp94=.trap.gz (27 of 152)
[2025-04-10 13:45:33] Importing 16_main.py.OGwA08YtttpWqSRQEzP8rFQ4EDM=.trap.gz (28 of 152)
[2025-04-10 13:45:33] Importing 16_parser.py.mbmHg_jiQRr4e4vG2z8upYb0SuI=.trap.gz (29 of 152)
[2025-04-10 13:45:33] Importing 16_setup.py.7N90UYCYuuVW6ilNn_QvfvNeHfo=.trap.gz (30 of 152)
[2025-04-10 13:45:33] Importing 16_test_evaluator.py.CiXZG-kOboplZNDAirBhbm6eKiM=.trap.gz (31 of 152)
[2025-04-10 13:45:33] Importing 16_test_lexer.py.Xzc7MyH1Bb6OWM0tRw_E-xaBYME=.trap.gz (32 of 152)
[2025-04-10 13:45:33] Importing 16_test_parser.py.cKsvT7A-Yi6TJP4edy0rUNEO3F4=.trap.gz (33 of 152)
[2025-04-10 13:45:33] Importing 17___init__.py.XhS-vFWXi3VW_to9meo_CmyiZ8k=.trap.gz (34 of 152)
[2025-04-10 13:45:33] Importing 17_main.py.6W57eY_DmxyUsC-_0AC8Nf-XK9o=.trap.gz (35 of 152)
[2025-04-10 13:45:33] Importing 17_script_runner.py.isXVwm38dZ4xGQJ2vcjkMqTDSbQ=.trap.gz (36 of 152)
[2025-04-10 13:45:33] Importing 18___init__.py.jQpU-JMXVgznYr8OEDTrMk7-cbs=.trap.gz (37 of 152)
[2025-04-10 13:45:33] Importing 18_dynamic_loader.py.MRGx2FLM3jZlZp_Foj-tvRsnIm0=.trap.gz (38 of 152)
[2025-04-10 13:45:33] Importing 18_main.py.eg-HomPBheFjjQ_bBKOBeZ8T9jY=.trap.gz (39 of 152)
[2025-04-10 13:45:33] Importing 18_test_dynamic_loader.py.UU20DP1WRtEOgs7CvlG0eMpbpAk=.trap.gz (40 of 152)
[2025-04-10 13:45:33] Importing 18_test_main.py.4O3BDeae5TlnVsPv0iooREe-B24=.trap.gz (41 of 152)
[2025-04-10 13:45:33] Importing 19_main.py.ZBYn-yeb4Art7DpLuzB9NCuu4Hk=.trap.gz (42 of 152)
[2025-04-10 13:45:33] Importing 1___init__.py.t87duKapGoYPbcko1YFQYilMxz4=.trap.gz (43 of 152)
[2025-04-10 13:45:33] Importing 1_config.py._i-fw-5BqvLbR2ZA7TF4vu9yHIc=.trap.gz (44 of 152)
[2025-04-10 13:45:33] Importing 1_forms.py.jGtXOkI2beSPfMPfMzVAmbvS3Fc=.trap.gz (45 of 152)
[2025-04-10 13:45:33] Importing 1_models.py.88NbsvKor_CVGnKaHsZF2JNWtsI=.trap.gz (46 of 152)
[2025-04-10 13:45:33] Importing 1_routes.py.uH-oy-zN2UxpclMQZMDXEnxaqVI=.trap.gz (47 of 152)
[2025-04-10 13:45:33] Importing 1_run.py.rIlMRdZUNr0S64GTlGpviEIevmU=.trap.gz (48 of 152)
[2025-04-10 13:45:33] Importing 20___init__.py.DeyxHsEBnYk_Xk7We-F-dgfpdps=.trap.gz (49 of 152)
[2025-04-10 13:45:33] Importing 20_auth.py.DZQMhG3VzlLPJjBawQW_Vke2EU0=.trap.gz (50 of 152)
[2025-04-10 13:45:33] Importing 20_database.py.9HnHUcjRVDndf0MYKUs9Q0JA2jM=.trap.gz (51 of 152)
[2025-04-10 13:45:33] Importing 20_main.py.rkSkgWQQsqi-f6E_wYzi1bzWRuw=.trap.gz (52 of 152)
[2025-04-10 13:45:33] Importing 20_test_auth.py.EzDwZ6C9NDDS-ItBEP0Qhdr4VDM=.trap.gz (53 of 152)
[2025-04-10 13:45:33] Importing 20_test_verification.py.Pe_ld50P_F57PvFyw_QSoSdf1Ew=.trap.gz (54 of 152)
[2025-04-10 13:45:33] Importing 20_user.py.exKZX-7q9XS53qHc6bR7C2aOJ4Y=.trap.gz (55 of 152)
[2025-04-10 13:45:33] Importing 20_verification.py.wv-3AkyA8oGRGMJVp1zGV5YyfeM=.trap.gz (56 of 152)
[2025-04-10 13:45:33] Importing 21_main.py.vgcTKsiuzlsJdv_YOj_21cG-CvA=.trap.gz (57 of 152)
[2025-04-10 13:45:33] Importing 22_config_manager.py.tX3GE1P2oFKBjmxhmPI2eY2hk0Y=.trap.gz (58 of 152)
[2025-04-10 13:45:33] Importing 22_file_utils.py.-LJTPXHfCJGNYhFPnFENowcjp50=.trap.gz (59 of 152)
[2025-04-10 13:45:33] Importing 22_main.py.iQfeCT4C0flMu_--LTQ7fjwmzoQ=.trap.gz (60 of 152)
[2025-04-10 13:45:33] Importing 22_test_config_manager.py.bcmet8twfMwyP0Yd2qhi9ukwx4w=.trap.gz (61 of 152)
[2025-04-10 13:45:33] Importing 22_test_file_utils.py.BtaiH1dJczNuASAwt2imgac4g7c=.trap.gz (62 of 152)
[2025-04-10 13:45:33] Importing 23___init__.py.43WjKvJSKK-oHOiJh77GBhgp1Ls=.trap.gz (63 of 152)
[2025-04-10 13:45:33] Importing 23_backup.py.HyNfPkcPBVMyTzZwB1OQANMF0NQ=.trap.gz (64 of 152)
[2025-04-10 13:45:33] Importing 23_main.py.SxFR9I1U5R4sZDQAKym432xwQnI=.trap.gz (65 of 152)
[2025-04-10 13:45:33] Importing 23_restore.py.Imsu8Q0fxrgbjeJO0vsBdH9ICuQ=.trap.gz (66 of 152)
[2025-04-10 13:45:33] Importing 23_test_backup.py.tctbvd-IklRwtEvomNfwQ86ATmc=.trap.gz (67 of 152)
[2025-04-10 13:45:33] Importing 23_test_restore.py.kTT0t72QpLzyzDlJhZY9JbWefoI=.trap.gz (68 of 152)
[2025-04-10 13:45:33] Importing 24___init__.py.g1hRo3Ut7SRr_66rgchrls8RWQE=.trap.gz (69 of 152)
[2025-04-10 13:45:33] Importing 24_data_model.py.rYQVhgXQKRfR92N0aVIQgM7Kilo=.trap.gz (70 of 152)
[2025-04-10 13:45:33] Importing 24_json_importer.py.h99G3b_lFdpMq0m_dXA_KQ7WLms=.trap.gz (71 of 152)
[2025-04-10 13:45:33] Importing 24_main.py.4l7MJAfkV4VWbS3bphLb13GAvQY=.trap.gz (72 of 152)
[2025-04-10 13:45:33] Importing 24_test_data_model.py.rkRP61DqmBRPB5_2rQO7j2vkytE=.trap.gz (73 of 152)
[2025-04-10 13:45:33] Importing 24_test_json_importer.py.7bxQdtVdqYvW2D3XzwJr83OoHUY=.trap.gz (74 of 152)
[2025-04-10 13:45:33] Importing 25___init__.py.B4f45Dj0iMqyqwbeHvmj_W3I4NA=.trap.gz (75 of 152)
[2025-04-10 13:45:33] Importing 25_config.py.4KSU_RmknHkw7I6dpgrJodRauVY=.trap.gz (76 of 152)
[2025-04-10 13:45:33] Importing 25_download_routes.py.H5NgDXzIcJQId7pkxr27VeBS55g=.trap.gz (77 of 152)
[2025-04-10 13:45:33] Importing 25_download_service.py.Q_ZlEb1dO79I_dJL12naxEMrf7s=.trap.gz (78 of 152)
[2025-04-10 13:45:33] Importing 25_file_utils.py.Bp4CNv4-uCfEWkOuwy9G0TzeotI=.trap.gz (79 of 152)
[2025-04-10 13:45:33] Importing 25_main.py.OJCvXtU-ExK2JQpuv8F3vI6zYK8=.trap.gz (80 of 152)
[2025-04-10 13:45:33] Importing 25_run.py.PtnXa43c2hRpmsMHjhV_aloXgZM=.trap.gz (81 of 152)
[2025-04-10 13:45:33] Importing 25_test_download_routes.py.hQRem__YZezpXi0e7NyQjd6slVg=.trap.gz (82 of 152)
[2025-04-10 13:45:33] Importing 25_test_download_service.py.d8Mvkgrsrg_lufnOgbOsPjaBlX4=.trap.gz (83 of 152)
[2025-04-10 13:45:33] Importing 26_app.py.JO0heng3WTwr75fdVoNzXFM88t8=.trap.gz (84 of 152)
[2025-04-10 13:45:33] Importing 27_api_integration.py.DuHHBruY9WES3SDT0HgXgO_8HoA=.trap.gz (85 of 152)
[2025-04-10 13:45:33] Importing 27_config.py.wNSyQFjnSBEXgyLrk8zhxhBpa0A=.trap.gz (86 of 152)
[2025-04-10 13:45:33] Importing 27_main.py.6xrmqJETKVcXUisYGeo0turKGkc=.trap.gz (87 of 152)
[2025-04-10 13:45:33] Importing 28___init__.py.i2Mv7hcazMnOSLrkfLuj3tqqruA=.trap.gz (88 of 152)
[2025-04-10 13:45:33] Importing 28_auth.py.ChxpbywBQgJySM6-t8Pev2R6Z7E=.trap.gz (89 of 152)
[2025-04-10 13:45:33] Importing 28_db.py.G94CluNLvGst3dDfa0_4MbYYno8=.trap.gz (90 of 152)
[2025-04-10 13:45:33] Importing 28_main.py.iN-c8sBZnup3pOoazqn8e_HOzko=.trap.gz (91 of 152)
[2025-04-10 13:45:33] Importing 28_models.py.Q0KdSrjVLarSWRuw1LH3KeXNSQI=.trap.gz (92 of 152)
[2025-04-10 13:45:33] Importing 28_security.py.kgjkS5Ec-hStb72kIwmiitZTang=.trap.gz (93 of 152)
[2025-04-10 13:45:33] Importing 28_test_auth.py.PvK3URrFefq0c94IfB8TV3N-aBo=.trap.gz (94 of 152)
[2025-04-10 13:45:33] Importing 29_config.py.xkz4X4CRmqxDm6bNsmbkBDoTL8E=.trap.gz (95 of 152)
[2025-04-10 13:45:33] Importing 29_github_client.py.7ASykYWKBG36Krz0cQzjScmVuvo=.trap.gz (96 of 152)
[2025-04-10 13:45:33] Importing 29_main.py.yHv9FHsw19I_DrITF42VnnOIVFE=.trap.gz (97 of 152)
[2025-04-10 13:45:33] Importing 29_test_github_client.py.wyaJIclQGYao389exb0rBpRj-5s=.trap.gz (98 of 152)
[2025-04-10 13:45:33] Importing 29_test_utils.py.IEzJYRhvZh1UKKdICVsao5Mh8uQ=.trap.gz (99 of 152)
[2025-04-10 13:45:33] Importing 29_utils.py.zG4PIXd8LiUpg_fIGRukmDpb77o=.trap.gz (100 of 152)
[2025-04-10 13:45:33] Importing 2___init__.py.Wnmm7WVZaFcEqx1q6MDE3Csp_lI=.trap.gz (101 of 152)
[2025-04-10 13:45:33] Importing 2_config.py.esXLPiHtYolpyT7D8zSA8z8hvDw=.trap.gz (102 of 152)
[2025-04-10 13:45:33] Importing 2_routes.py.s748hlIQEQAfjvJUSOVbKuZMc7A=.trap.gz (103 of 152)
[2025-04-10 13:45:33] Importing 2_run.py.C7_s_R0kdkXRQR6ZG7e5Mzy1xm0=.trap.gz (104 of 152)
[2025-04-10 13:45:33] Importing 30___init__.py.YANjJ_mCS3_Ec3Mn6e0d5E5AV84=.trap.gz (105 of 152)
[2025-04-10 13:45:33] Importing 30_config_loader.py.EyDhHXsJyfp9tjGJNBzc7Qxag5c=.trap.gz (106 of 152)
[2025-04-10 13:45:33] Importing 30_ec2.py.3-G4gKzkswbmaX0F6lgxxkRuAeA=.trap.gz (107 of 152)
[2025-04-10 13:45:33] Importing 30_main.py.7SaVmyTsfRLRn89eZB7yinGS7IY=.trap.gz (108 of 152)
[2025-04-10 13:45:33] Importing 30_test_config_loader.py.A3mp9GFvf-TKZEjWTWsjeG5KG80=.trap.gz (109 of 152)
[2025-04-10 13:45:33] Importing 30_test_ec2.py.3Ql-DA9JG5-90HZP5HFjgZFjSu4=.trap.gz (110 of 152)
[2025-04-10 13:45:33] Importing 3_app.py.6SjMbxo--C6BMg9AkMSv2rfAUGA=.trap.gz (111 of 152)
[2025-04-10 13:45:33] Importing 3_models.py.er7If7hH0dXmi-ho9osRBJy69bo=.trap.gz (112 of 152)
[2025-04-10 13:45:33] Importing 4___init__.py.7Gfpc6m2i0dMkWj73-ONn65sWKg=.trap.gz (113 of 152)
[2025-04-10 13:45:33] Importing 4_app.py.66sldwQFUjiQFqZlra351Yby3Is=.trap.gz (114 of 152)
[2025-04-10 13:45:33] Importing 4_auth_operations.py.kluGdzEq1LntUrtv19VFuqqgtvM=.trap.gz (115 of 152)
[2025-04-10 13:45:33] Importing 4_db_operations.py.UpS_lAHatgNRr8sjH9fA-3KMa2A=.trap.gz (116 of 152)
[2025-04-10 13:45:33] Importing 5___init__.py.IHA77nRa-wRIjHSqcf1SqsAA2eQ=.trap.gz (117 of 152)
[2025-04-10 13:45:33] Importing 5_app.py.Ir2GXNeTdoqpFVld9sonGbW09K4=.trap.gz (118 of 152)
[2025-04-10 13:45:33] Importing 5_db_connection.py.M77M0H61cDDWdx2KIhV3QMZECzA=.trap.gz (119 of 152)
[2025-04-10 13:45:33] Importing 5_test_db_connection.py.g6c7Za0lyjK2-zLRkH5vBRv-wBo=.trap.gz (120 of 152)
[2025-04-10 13:45:33] Importing 5_test_user_search_service.py.0_X_GBTIP_6y3SEnHYIEAq_L4AU=.trap.gz (121 of 152)
[2025-04-10 13:45:33] Importing 5_user.py.JdJV2jcn_xAFwXQfwTSn3z-8A6w=.trap.gz (122 of 152)
[2025-04-10 13:45:33] Importing 5_user_search_service.py.lNLH1i4wi9c5zWgOZEy75yN9FHA=.trap.gz (123 of 152)
[2025-04-10 13:45:33] Importing 6_config.py.jnD1fWC2p4UUtkbdqqKb6RAhHmk=.trap.gz (124 of 152)
[2025-04-10 13:45:33] Importing 6_database.py.91etHczqqQoTDvqrgtOHaxXIUis=.trap.gz (125 of 152)
[2025-04-10 13:45:33] Importing 6_main.py.1bJPVfrNvASlwTkrwSQ8-0r4qiI=.trap.gz (126 of 152)
[2025-04-10 13:45:33] Importing 7___init__.py.ZRt0ThfsdcGvxwLCyaXRqsTMQKs=.trap.gz (127 of 152)
[2025-04-10 13:45:33] Importing 7_config.py.WDl0rXO5Kvyi1FLC4C1nGYuhB7c=.trap.gz (128 of 152)
[2025-04-10 13:45:33] Importing 7_forms.py.6Xm9NLqrs-24tfY7oauZFl4b1os=.trap.gz (129 of 152)
[2025-04-10 13:45:33] Importing 7_models.py.ZDzw54_r_ALKFUGpF6sdXkkfajI=.trap.gz (130 of 152)
[2025-04-10 13:45:33] Importing 7_routes.py.oOtqZf-mcMVLsNI0hqdUH1A0hbg=.trap.gz (131 of 152)
[2025-04-10 13:45:33] Importing 7_run.py.2s1cK8mhchiayGaOIweh114ehWk=.trap.gz (132 of 152)
[2025-04-10 13:45:33] Importing 8___init__.py.8WNbvVJEIQI7lbPYHrGlevXtbQc=.trap.gz (133 of 152)
[2025-04-10 13:45:33] Importing 8_config.py.LmMcNN0O1e2Rj7IazROsH4_7928=.trap.gz (134 of 152)
[2025-04-10 13:45:33] Importing 8_forms.py.-5HHIcLSz8rAc8tLoRNFUvxNuGQ=.trap.gz (135 of 152)
[2025-04-10 13:45:33] Importing 8_models.py.SHeZ1hVQvX4hH8OwaX-Hts57GHc=.trap.gz (136 of 152)
[2025-04-10 13:45:33] Importing 8_routes.py.ebPS8pECGl8SIoLA630Y0Mmd61w=.trap.gz (137 of 152)
[2025-04-10 13:45:33] Importing 8_run.py.P6NKIhAGH4-NCWWD0js1jv2MDCo=.trap.gz (138 of 152)
[2025-04-10 13:45:33] Importing 8_utils.py.bbY4_YypyWKCK8pi2o-UAN4fVHY=.trap.gz (139 of 152)
[2025-04-10 13:45:33] Importing 9___init__.py.dCSekBPXGGxPuK_MAm6L4jdEK-c=.trap.gz (140 of 152)
[2025-04-10 13:45:33] Importing 9_config.py.poVoxoHDoVsJB1_a47dj_Kaq61g=.trap.gz (141 of 152)
[2025-04-10 13:45:33] Importing 9_models.py.zVe-6m8EOXjq_00LM90Gzfyr4vA=.trap.gz (142 of 152)
[2025-04-10 13:45:33] Importing 9_routes.py.lxKdST70i-bWGw4co0LnolwMzq0=.trap.gz (143 of 152)
[2025-04-10 13:45:33] Importing 9_run.py.8MQLsP4UqtVum6d5uLjb0hDFsRY=.trap.gz (144 of 152)
[2025-04-10 13:45:33] Importing 9_services.py.YqeHEKbyA1l9dPrWWD7ycKPhNvw=.trap.gz (145 of 152)
[2025-04-10 13:45:33] Importing codeql-database.yml.trap.gz (146 of 152)
[2025-04-10 13:45:33] Importing json._eyrnD0F41RSKn4udjv-sH5gSNE=.trap.gz (147 of 152)
[2025-04-10 13:45:33] Importing metadata.trap.gz (148 of 152)
[2025-04-10 13:45:33] Importing re.qkoimtbTAqzKb70pn8P4VYGd1WI=.trap.gz (149 of 152)
[2025-04-10 13:45:33] Importing sqlite3.as3xtLp4oFARZ5g5vltOc0gdUaE=.trap.gz (150 of 152)
[2025-04-10 13:45:33] Importing sys.1JtiHpghs2eUrRRoYCwcBaKiVQ0=.trap.gz (151 of 152)
[2025-04-10 13:45:33] Importing unittest.YXZCFN-KUYREkcG5g7GeaJRHU-c=.trap.gz (152 of 152)
[2025-04-10 13:45:33] [PROGRESS] dataset import> Merging relations
[2025-04-10 13:45:33] Merging 1 fragment for 'files'.
[2025-04-10 13:45:33] Merged 298 bytes for 'files'.
[2025-04-10 13:45:33] Merging 1 fragment for 'folders'.
[2025-04-10 13:45:33] Merged 55 bytes for 'folders'.
[2025-04-10 13:45:33] Merging 1 fragment for 'containerparent'.
[2025-04-10 13:45:33] Merged 194 bytes for 'containerparent'.
[2025-04-10 13:45:33] Merging 1 fragment for 'py_flags_versioned'.
[2025-04-10 13:45:33] Merged 185 bytes for 'py_flags_versioned'.
[2025-04-10 13:45:33] Merging 1 fragment for 'py_cobjects'.
[2025-04-10 13:45:33] Merged 5320 bytes (5.20 KiB) for 'py_cobjects'.
[2025-04-10 13:45:33] Merging 1 fragment for 'py_cobjecttypes'.
[2025-04-10 13:45:34] Merged 7030 bytes (6.87 KiB) for 'py_cobjecttypes'.
[2025-04-10 13:45:34] Merging 1 fragment for 'py_cobject_sources'.
[2025-04-10 13:45:34] Merged 7494 bytes (7.32 KiB) for 'py_cobject_sources'.
[2025-04-10 13:45:34] Merging 1 fragment for 'py_cobjectnames'.
[2025-04-10 13:45:34] Merged 7415 bytes (7.24 KiB) for 'py_cobjectnames'.
[2025-04-10 13:45:34] Merging 1 fragment for 'py_cmembers_versioned'.
[2025-04-10 13:45:34] Merged 6633 bytes (6.48 KiB) for 'py_cmembers_versioned'.
[2025-04-10 13:45:34] Merging 1 fragment for 'py_special_objects'.
[2025-04-10 13:45:34] Merged 136 bytes for 'py_special_objects'.
[2025-04-10 13:45:34] Merging 1 fragment for 'py_citems'.
[2025-04-10 13:45:34] Merged 502 bytes for 'py_citems'.
[2025-04-10 13:45:34] Merging 1 fragment for 'ext_rettype'.
[2025-04-10 13:45:34] Merged 4039 bytes (3.94 KiB) for 'ext_rettype'.
[2025-04-10 13:45:34] Merging 1 fragment for 'ext_argtype'.
[2025-04-10 13:45:34] Merged 6821 bytes (6.66 KiB) for 'ext_argtype'.
[2025-04-10 13:45:34] Merging 1 fragment for 'ext_argreturn'.
[2025-04-10 13:45:34] Merged 41 bytes for 'ext_argreturn'.
[2025-04-10 13:45:34] Merging 1 fragment for 'ext_proptype'.
[2025-04-10 13:45:34] Merged 345 bytes for 'ext_proptype'.
[2025-04-10 13:45:34] Merging 1 fragment for 'py_Modules'.
[2025-04-10 13:45:34] Merged 155 bytes for 'py_Modules'.
[2025-04-10 13:45:34] Merging 1 fragment for 'py_module_path'.
[2025-04-10 13:45:34] Merged 345 bytes for 'py_module_path'.
[2025-04-10 13:45:34] Merging 1 fragment for 'variable'.
[2025-04-10 13:45:34] Merged 8348 bytes (8.15 KiB) for 'variable'.
[2025-04-10 13:45:34] Merging 1 fragment for 'py_extracted_version'.
[2025-04-10 13:45:34] Merged 164 bytes for 'py_extracted_version'.
[2025-04-10 13:45:34] Merging 1 fragment for 'py_stmt_lists'.
[2025-04-10 13:45:34] Merged 3050 bytes (2.98 KiB) for 'py_stmt_lists'.
[2025-04-10 13:45:34] Merging 1 fragment for 'py_stmts'.
[2025-04-10 13:45:34] Merged 7419 bytes (7.25 KiB) for 'py_stmts'.
[2025-04-10 13:45:34] Merging 1 fragment for 'py_scopes'.
[2025-04-10 13:45:34] Merged 12284 bytes (12.00 KiB) for 'py_scopes'.
[2025-04-10 13:45:34] Merging 1 fragment for 'py_alias_lists'.
[2025-04-10 13:45:34] Merged 652 bytes for 'py_alias_lists'.
[2025-04-10 13:45:34] Merging 1 fragment for 'py_aliases'.
[2025-04-10 13:45:34] Merged 965 bytes for 'py_aliases'.
[2025-04-10 13:45:34] Merging 1 fragment for 'py_exprs'.
[2025-04-10 13:45:34] Merged 31657 bytes (30.92 KiB) for 'py_exprs'.
[2025-04-10 13:45:34] Merging 1 fragment for 'py_ints'.
[2025-04-10 13:45:34] Merged 447 bytes for 'py_ints'.
[2025-04-10 13:45:34] Merging 1 fragment for 'py_strs'.
[2025-04-10 13:45:34] Merged 10061 bytes (9.83 KiB) for 'py_strs'.
[2025-04-10 13:45:34] Merging 1 fragment for 'py_variables'.
[2025-04-10 13:45:34] Merged 7246 bytes (7.08 KiB) for 'py_variables'.
[2025-04-10 13:45:34] Merging 1 fragment for 'py_expr_contexts'.
[2025-04-10 13:45:34] Merged 12465 bytes (12.17 KiB) for 'py_expr_contexts'.
[2025-04-10 13:45:34] Merging 1 fragment for 'py_bools'.
[2025-04-10 13:45:34] Merged 254 bytes for 'py_bools'.
[2025-04-10 13:45:34] Merging 1 fragment for 'py_expr_lists'.
[2025-04-10 13:45:34] Merged 7335 bytes (7.16 KiB) for 'py_expr_lists'.
[2025-04-10 13:45:34] Merging 1 fragment for 'py_arguments'.
[2025-04-10 13:45:34] Merged 786 bytes for 'py_arguments'.
[2025-04-10 13:45:34] Merging 1 fragment for 'py_Functions'.
[2025-04-10 13:45:34] Merged 788 bytes for 'py_Functions'.
[2025-04-10 13:45:34] Merging 1 fragment for 'py_dict_item_lists'.
[2025-04-10 13:45:34] Merged 465 bytes for 'py_dict_item_lists'.
[2025-04-10 13:45:34] Merging 1 fragment for 'py_dict_items'.
[2025-04-10 13:45:34] Merged 881 bytes for 'py_dict_items'.
[2025-04-10 13:45:34] Merging 1 fragment for 'py_numbers'.
[2025-04-10 13:45:34] Merged 727 bytes for 'py_numbers'.
[2025-04-10 13:45:34] Merging 1 fragment for 'py_cmpop_lists'.
[2025-04-10 13:45:34] Merged 404 bytes for 'py_cmpop_lists'.
[2025-04-10 13:45:34] Merging 1 fragment for 'py_cmpops'.
[2025-04-10 13:45:34] Merged 489 bytes for 'py_cmpops'.
[2025-04-10 13:45:34] Merging 1 fragment for 'py_exports'.
[2025-04-10 13:45:34] Merged 527 bytes for 'py_exports'.
[2025-04-10 13:45:34] Merging 1 fragment for 'py_flow_bb_node'.
[2025-04-10 13:45:34] Merged 31047 bytes (30.32 KiB) for 'py_flow_bb_node'.
[2025-04-10 13:45:34] Merging 1 fragment for 'py_scope_flow'.
[2025-04-10 13:45:34] Merged 6783 bytes (6.62 KiB) for 'py_scope_flow'.
[2025-04-10 13:45:34] Merging 1 fragment for 'py_successors'.
[2025-04-10 13:45:34] Merged 17713 bytes (17.30 KiB) for 'py_successors'.
[2025-04-10 13:45:34] Merging 1 fragment for 'py_idoms'.
[2025-04-10 13:45:34] Merged 16936 bytes (16.54 KiB) for 'py_idoms'.
[2025-04-10 13:45:34] Merging 1 fragment for 'py_true_successors'.
[2025-04-10 13:45:34] Merged 537 bytes for 'py_true_successors'.
[2025-04-10 13:45:34] Merging 1 fragment for 'py_false_successors'.
[2025-04-10 13:45:34] Merged 541 bytes for 'py_false_successors'.
[2025-04-10 13:45:34] Merging 1 fragment for 'py_ssa_var'.
[2025-04-10 13:45:34] Merged 3258 bytes (3.18 KiB) for 'py_ssa_var'.
[2025-04-10 13:45:34] Merging 1 fragment for 'py_ssa_defn'.
[2025-04-10 13:45:34] Merged 2855 bytes (2.79 KiB) for 'py_ssa_defn'.
[2025-04-10 13:45:34] Merging 1 fragment for 'py_ssa_use'.
[2025-04-10 13:45:34] Merged 4165 bytes (4.07 KiB) for 'py_ssa_use'.
[2025-04-10 13:45:34] Merging 1 fragment for 'locations_ast'.
[2025-04-10 13:45:34] Merged 44029 bytes (43.00 KiB) for 'locations_ast'.
[2025-04-10 13:45:34] Merging 1 fragment for 'py_scope_location'.
[2025-04-10 13:45:34] Merged 1738 bytes (1.70 KiB) for 'py_scope_location'.
[2025-04-10 13:45:34] Merging 1 fragment for 'py_comments'.
[2025-04-10 13:45:34] Merged 436 bytes for 'py_comments'.
[2025-04-10 13:45:34] Merging 1 fragment for 'py_codelines'.
[2025-04-10 13:45:34] Merged 1042 bytes (1.02 KiB) for 'py_codelines'.
[2025-04-10 13:45:34] Merging 1 fragment for 'py_commentlines'.
[2025-04-10 13:45:34] Merged 855 bytes for 'py_commentlines'.
[2025-04-10 13:45:34] Merging 1 fragment for 'py_docstringlines'.
[2025-04-10 13:45:34] Merged 584 bytes for 'py_docstringlines'.
[2025-04-10 13:45:34] Merging 1 fragment for 'py_alllines'.
[2025-04-10 13:45:34] Merged 1040 bytes (1.02 KiB) for 'py_alllines'.
[2025-04-10 13:45:34] Merging 1 fragment for 'numlines'.
[2025-04-10 13:45:34] Merged 524 bytes for 'numlines'.
[2025-04-10 13:45:34] Merging 1 fragment for 'py_locations'.
[2025-04-10 13:45:34] Merged 18805 bytes (18.36 KiB) for 'py_locations'.
[2025-04-10 13:45:34] Merging 1 fragment for 'py_Classes'.
[2025-04-10 13:45:34] Merged 261 bytes for 'py_Classes'.
[2025-04-10 13:45:34] Merging 1 fragment for 'py_boolops'.
[2025-04-10 13:45:34] Merged 137 bytes for 'py_boolops'.
[2025-04-10 13:45:34] Merging 1 fragment for 'py_parameter_lists'.
[2025-04-10 13:45:34] Merged 616 bytes for 'py_parameter_lists'.
[2025-04-10 13:45:34] Merging 1 fragment for 'py_exception_successors'.
[2025-04-10 13:45:34] Merged 264 bytes for 'py_exception_successors'.
[2025-04-10 13:45:34] Merging 1 fragment for 'py_ssa_phi'.
[2025-04-10 13:45:34] Merged 82 bytes for 'py_ssa_phi'.
[2025-04-10 13:45:34] Merging 1 fragment for 'py_operators'.
[2025-04-10 13:45:34] Merged 126 bytes for 'py_operators'.
[2025-04-10 13:45:34] Merging 1 fragment for 'py_unaryops'.
[2025-04-10 13:45:34] Merged 76 bytes for 'py_unaryops'.
[2025-04-10 13:45:34] Merging 1 fragment for 'py_StringPart_lists'.
[2025-04-10 13:45:34] Merged 33 bytes for 'py_StringPart_lists'.
[2025-04-10 13:45:34] Merging 1 fragment for 'py_StringParts'.
[2025-04-10 13:45:34] Merged 47 bytes for 'py_StringParts'.
[2025-04-10 13:45:34] Merging 1 fragment for 'yaml_scalars'.
[2025-04-10 13:45:34] Merged 140 bytes for 'yaml_scalars'.
[2025-04-10 13:45:34] Merging 1 fragment for 'yaml'.
[2025-04-10 13:45:34] Merged 500 bytes for 'yaml'.
[2025-04-10 13:45:34] Merging 1 fragment for 'locations_default'.
[2025-04-10 13:45:34] Merged 466 bytes for 'locations_default'.
[2025-04-10 13:45:34] Merging 1 fragment for 'yaml_locations'.
[2025-04-10 13:45:34] Merged 164 bytes for 'yaml_locations'.
[2025-04-10 13:45:34] Merging 1 fragment for 'sourceLocationPrefix'.
[2025-04-10 13:45:34] Merged 17 bytes for 'sourceLocationPrefix'.
[2025-04-10 13:45:34] Saving string and id pools to disk.
[2025-04-10 13:45:34] Finished importing TRAP files.
[2025-04-10 13:45:34] Read 4.64 MiB of uncompressed TRAP data.
[2025-04-10 13:45:34] Uncompressed relation data size: 1.26 MiB
[2025-04-10 13:45:34] Relation data size: 302.97 KiB (merge rate: 1.36 MiB/s)
[2025-04-10 13:45:34] String pool size: 2.13 MiB
[2025-04-10 13:45:34] ID pool size: 1.19 MiB
[2025-04-10 13:45:34] [PROGRESS] dataset import> Finished writing database (relations: 302.97 KiB; string pool: 2.13 MiB).
[2025-04-10 13:45:34] Pausing evaluation to close the cache at sequence stamp o+145
[2025-04-10 13:45:34] The disk cache is freshly trimmed; leave it be.
[2025-04-10 13:45:34] Unpausing evaluation
[2025-04-10 13:45:34] Plumbing command codeql dataset import completed.
[2025-04-10 13:45:34] [PROGRESS] database finalize> TRAP import complete (2.2s).
[2025-04-10 13:45:34] Running plumbing command: codeql database cleanup -- /home/gra3ml/IC/Códigos_DeepSeek-R1/database-DeepSeekR1
[2025-04-10 13:45:34] [PROGRESS] database cleanup> Cleaning up existing TRAP files after import...
[2025-04-10 13:45:34] [PROGRESS] database cleanup> TRAP files cleaned up (11ms).
[2025-04-10 13:45:34] [PROGRESS] database cleanup> Cleaning up scratch directory...
[2025-04-10 13:45:34] [PROGRESS] database cleanup> Scratch directory cleaned up (16ms).
[2025-04-10 13:45:34] Running plumbing command: codeql dataset cleanup -- /home/gra3ml/IC/Códigos_DeepSeek-R1/database-DeepSeekR1/db-python
[2025-04-10 13:45:34] [PROGRESS] dataset cleanup> Cleaning up dataset in /home/gra3ml/IC/Códigos_DeepSeek-R1/database-DeepSeekR1/db-python.
[2025-04-10 13:45:34] Trimming disk cache at /home/gra3ml/IC/Códigos_DeepSeek-R1/database-DeepSeekR1/db-python/default/cache in mode trim.
[2025-04-10 13:45:34] Sequence stamp origin is -6062159359252363033
[2025-04-10 13:45:34] Pausing evaluation to quickly trim memory at sequence stamp o+0
[2025-04-10 13:45:34] Unpausing evaluation
[2025-04-10 13:45:34] Pausing evaluation to zealously trim disk at sequence stamp o+1
[2025-04-10 13:45:34] Unpausing evaluation
[2025-04-10 13:45:34] Trimming completed (4ms): Trimmed disposable data from cache.
[2025-04-10 13:45:34] Pausing evaluation to close the cache at sequence stamp o+2
[2025-04-10 13:45:34] The disk cache is freshly trimmed; leave it be.
[2025-04-10 13:45:34] Unpausing evaluation
[2025-04-10 13:45:34] [PROGRESS] dataset cleanup> Trimmed disposable data from cache.
[2025-04-10 13:45:34] [PROGRESS] dataset cleanup> Finalizing dataset in /home/gra3ml/IC/Códigos_DeepSeek-R1/database-DeepSeekR1/db-python
[2025-04-10 13:45:34] [DETAILS] dataset cleanup> Finished deleting ID pool from /home/gra3ml/IC/Códigos_DeepSeek-R1/database-DeepSeekR1/db-python (2ms).
[2025-04-10 13:45:34] Plumbing command codeql dataset cleanup completed.
[2025-04-10 13:45:34] Plumbing command codeql database cleanup completed with status 0.
[2025-04-10 13:45:34] [PROGRESS] database finalize> Finished zipping source archive (56.26 KiB).
[2025-04-10 13:45:34] Plumbing command codeql database finalize completed.
[2025-04-10 13:45:34] [PROGRESS] database create> Successfully created database at /home/gra3ml/IC/Códigos_DeepSeek-R1/database-DeepSeekR1.
[2025-04-10 13:45:34] Terminating normally.
