[2025-04-14 14:35:36] This is codeql execute queries -J-Xmx1374M --verbosity=progress --logdir=/home/gra3ml/IC/Códigos_DeepSeek-R1/database-DeepSeekR1/log --evaluator-log-level=5 --warnings=show --dynamic-join-order-mode=none --qlconfig-file=/home/gra3ml/IC/Códigos_DeepSeek-R1/qlconfig.yml --no-rerun --interpret-passthrough=null,--format=csv,-o=/home/gra3ml/IC/Códigos_DeepSeek-R1/resultado.txt,--max-paths=4,--csv-location-format=line-column,--print-diagnostics-summary,--print-metrics-summary,--qlconfig-file=/home/gra3ml/IC/Códigos_DeepSeek-R1/qlconfig.yml,--,/home/gra3ml/IC/Códigos_DeepSeek-R1/database-DeepSeekR1 --output=/home/gra3ml/IC/Códigos_DeepSeek-R1/database-DeepSeekR1/results -- /home/gra3ml/IC/Códigos_DeepSeek-R1/database-DeepSeekR1/db-python codeql/python-queries
[2025-04-14 14:35:36] Calling plumbing command: codeql resolve queries --qlconfig-file=/home/gra3ml/IC/Códigos_DeepSeek-R1/qlconfig.yml --format=json -- codeql/python-queries
[2025-04-14 14:35:37] Exception caught at top level: Query pack codeql/python-queries cannot be found. Check the spelling of the pack.
                      com.semmle.cli2.resolve.ResolveQueriesCommand.resolveQuerySpecifier(ResolveQueriesCommand.java:298)
                      com.semmle.cli2.resolve.ResolveQueriesCommand.executeJSON(ResolveQueriesCommand.java:211)
                      com.semmle.cli2.resolve.ResolveQueriesCommand.executeJSON(ResolveQueriesCommand.java:68)
                      com.semmle.cli2.picocli.SimpleJsonSubcommand.executeInsistingOnJSONWithExistingMessages(SimpleJsonSubcommand.java:121)
                      com.semmle.cli2.picocli.SubcommandCommon.withCompilationMessages(SubcommandCommon.java:444)
                      com.semmle.cli2.picocli.SimpleJsonSubcommand.executeInsistingOnJSON(SimpleJsonSubcommand.java:110)
                      com.semmle.cli2.picocli.PlumbingRunner.call(PlumbingRunner.java:61)
                      com.semmle.cli2.picocli.SubcommandCommon.callPlumbingInProcess(SubcommandCommon.java:170)
                      com.semmle.cli2.execute.ExecuteQueriesCommand.executeSubcommand(ExecuteQueriesCommand.java:424)
                      com.semmle.cli2.picocli.SubcommandCommon.lambda$executeSubcommandWithMessages$5(SubcommandCommon.java:892)
                      com.semmle.cli2.picocli.SubcommandCommon.withCompilationMessages(SubcommandCommon.java:444)
                      com.semmle.cli2.picocli.SubcommandCommon.executeSubcommandWithMessages(SubcommandCommon.java:890)
                      com.semmle.cli2.picocli.SubcommandCommon.toplevelMain(SubcommandCommon.java:777)
                      com.semmle.cli2.picocli.SubcommandCommon.call(SubcommandCommon.java:757)
                      com.semmle.cli2.picocli.SubcommandMaker.runMain(SubcommandMaker.java:238)
                      com.semmle.cli2.picocli.SubcommandMaker.runMain(SubcommandMaker.java:259)
                      com.semmle.cli2.CodeQL.main(CodeQL.java:115)
